exports["core/models/forms/reducers/connection connect creates a state for given form"] = {
	"shapes": [],
	"focusNodes": {},
	"focusStack": []
};

